------------------------------------------------------------
TimeQuest Timing Analyzer Summary
------------------------------------------------------------

Type  : Slow Model Setup 'CLOCK_50MHz'
Slack : -9.602
TNS   : -12812.465

Type  : Slow Model Setup 'tach_in'
Slack : -2.933
TNS   : -53.902

Type  : Slow Model Setup 'freqDiv_1MHz:inst7|inst1'
Slack : -1.272
TNS   : -6.065

Type  : Slow Model Setup 'freqDiv_1KHz:inst10|inst1'
Slack : -0.280
TNS   : -1.059

Type  : Slow Model Hold 'CLOCK_50MHz'
Slack : -2.047
TNS   : -2.047

Type  : Slow Model Hold 'freqDiv_1KHz:inst10|inst1'
Slack : -0.177
TNS   : -3.106

Type  : Slow Model Hold 'tach_in'
Slack : 0.391
TNS   : 0.000

Type  : Slow Model Hold 'freqDiv_1MHz:inst7|inst1'
Slack : 0.540
TNS   : 0.000

Type  : Slow Model Recovery 'tach_in'
Slack : -0.797
TNS   : -22.016

Type  : Slow Model Removal 'tach_in'
Slack : -1.421
TNS   : -41.984

Type  : Slow Model Minimum Pulse Width 'CLOCK_50MHz'
Slack : -1.627
TNS   : -6513.476

Type  : Slow Model Minimum Pulse Width 'tach_in'
Slack : -1.222
TNS   : -33.222

Type  : Slow Model Minimum Pulse Width 'freqDiv_1KHz:inst10|inst1'
Slack : -0.500
TNS   : -128.000

Type  : Slow Model Minimum Pulse Width 'freqDiv_1MHz:inst7|inst1'
Slack : -0.500
TNS   : -9.000

Type  : Fast Model Setup 'CLOCK_50MHz'
Slack : -3.622
TNS   : -3755.130

Type  : Fast Model Setup 'tach_in'
Slack : -0.885
TNS   : -10.314

Type  : Fast Model Setup 'freqDiv_1MHz:inst7|inst1'
Slack : -0.108
TNS   : -0.108

Type  : Fast Model Setup 'freqDiv_1KHz:inst10|inst1'
Slack : 0.340
TNS   : 0.000

Type  : Fast Model Hold 'CLOCK_50MHz'
Slack : -1.364
TNS   : -1.364

Type  : Fast Model Hold 'freqDiv_1KHz:inst10|inst1'
Slack : -0.045
TNS   : -0.648

Type  : Fast Model Hold 'tach_in'
Slack : 0.215
TNS   : 0.000

Type  : Fast Model Hold 'freqDiv_1MHz:inst7|inst1'
Slack : 0.250
TNS   : 0.000

Type  : Fast Model Recovery 'tach_in'
Slack : -0.146
TNS   : -3.264

Type  : Fast Model Removal 'tach_in'
Slack : -0.816
TNS   : -24.704

Type  : Fast Model Minimum Pulse Width 'CLOCK_50MHz'
Slack : -1.627
TNS   : -6651.524

Type  : Fast Model Minimum Pulse Width 'tach_in'
Slack : -1.222
TNS   : -33.222

Type  : Fast Model Minimum Pulse Width 'freqDiv_1KHz:inst10|inst1'
Slack : -0.500
TNS   : -128.000

Type  : Fast Model Minimum Pulse Width 'freqDiv_1MHz:inst7|inst1'
Slack : -0.500
TNS   : -9.000

------------------------------------------------------------
